2026-08-11T07:40:12Z run-loop start max_hours=6 max_iters=3 dry=1 no_provider=1
2026-08-11T07:40:12Z signal received — paused for resume (killed-resume-pending)
2026-08-11T07:40:13Z resume from iter 0 phase inspect
2026-08-11T07:40:14Z iter 1: inspect complete
2026-08-11T07:40:14Z iter 1: gate clear
2026-08-11T07:40:14Z iter 1: role phase simulated (dry-run/no-provider)
2026-08-11T07:40:14Z iter 1: score skipped (dry-run/no-provider)
2026-08-11T07:40:14Z iter 1: close skipped — Critic envelope incomplete
2026-08-11T07:40:14Z iter 1: To seal experience: productteam pool add-from-iter overnight-rehearsal 1 --kind worked|failed --domain ideation|implement|scoring|client --title "…"
2026-08-11T07:40:14Z iter 1: complete
2026-08-11T07:40:15Z iter 2: inspect complete
2026-08-11T07:40:15Z iter 2: gate clear
2026-08-11T07:40:15Z iter 2: role phase simulated (dry-run/no-provider)
2026-08-11T07:40:15Z iter 2: score skipped (dry-run/no-provider)
2026-08-11T07:40:15Z iter 2: close skipped — Critic envelope incomplete
2026-08-11T07:40:15Z iter 2: To seal experience: productteam pool add-from-iter overnight-rehearsal 2 --kind worked|failed --domain ideation|implement|scoring|client --title "…"
2026-08-11T07:40:15Z iter 2: complete
2026-08-11T07:40:16Z iter 3: inspect complete
2026-08-11T07:40:16Z iter 3: gate clear
2026-08-11T07:40:16Z iter 3: role phase simulated (dry-run/no-provider)
2026-08-11T07:40:16Z iter 3: score skipped (dry-run/no-provider)
2026-08-11T07:40:16Z iter 3: close skipped — Critic envelope incomplete
2026-08-11T07:40:16Z iter 3: To seal experience: productteam pool add-from-iter overnight-rehearsal 3 --kind worked|failed --domain ideation|implement|scoring|client --title "…"
2026-08-11T07:40:16Z iter 3: complete
2026-08-11T07:40:16Z stop: max-iters — completed 3 iterations
